[WARNING] 3 warning(s)/note(s) found
[WARNING] ../opentitan/hw/ip/prim/rtl/prim_max_tree.sv:86:58: [UselessCast]
[WARNING] ../opentitan/hw/ip/prim/rtl/prim_max_tree.sv:130:15: [SignConversion]
[WARNING] ../opentitan/hw/ip/prim/rtl/prim_max_tree.sv:130:15: [WidthTruncate]
// ======================================================================
// ======================================================================
covergroup cg_max_idx_o @(posedge clk_i iff !rst_ni);
  option.per_instance = 1;
  option.comment = "max_idx_o (CONTROL, 5-bit)";
  // ---- Primary coverpoint ----
  cp_max_idx_o: coverpoint max_idx_o {
    // CONTROL bins: width=5 (1-of-N)
    bins zero  = {0};
    bins low   = {[1:15]};
    bins high  = {[16:30]};
    bins max   = {31};
  }
  // ---- Sample event: @(posedge clk_i iff !rst_ni) ----
  //   Control signal (FSM/enum/flag) — always stable when not in reset
endgroup: cg_max_idx_o
